psbr8r   Sabon-Roman         <8r.enc <psbr8a.pfb   "TeXBase1Encoding ReEncodeFont"
psbri8r  Sabon-Italic        <8r.enc <psbri8a.pfb  "TeXBase1Encoding ReEncodeFont"
psbb8r   Sabon-Bold          <8r.enc <psbb8a.pfb   "TeXBase1Encoding ReEncodeFont"
psbbi8r  Sabon-BoldItalic    <8r.enc <psbbi8a.pfb  "TeXBase1Encoding ReEncodeFont"
psbro8r  Sabon-Roman         <8r.enc <psbr8a.pfb   "TeXBase1Encoding ReEncodeFont 0.167 SlantFont"
psbbo8r  Sabon-Bold          <8r.enc <psbb8a.pfb   "TeXBase1Encoding ReEncodeFont 0.167 SlantFont"
psbrc8r  Sabon-RomanSC       <8r.enc <psbrc8a.pfb  "TeXBase1Encoding ReEncodeFont"
psbrij8r Sabon-ItalicOsF     <8r.enc <psbrij8a.pfb "TeXBase1Encoding ReEncodeFont"
psbbj8r  Sabon-BoldOsF       <8r.enc <psbbj8a.pfb  "TeXBase1Encoding ReEncodeFont"
psbbij8r Sabon-BoldItalicOsF <8r.enc <psbbij8a.pfb "TeXBase1Encoding ReEncodeFont"
psbrco8r Sabon-RomanSC       <8r.enc <psbrc8a.pfb  "TeXBase1Encoding ReEncodeFont 0.167 SlantFont"
psbboj8r Sabon-BoldOsF       <8r.enc <psbbj8a.pfb  "TeXBase1Encoding ReEncodeFont 0.167 SlantFont"
